// Jest Snapshot v1, https://goo.gl/fbAQLP

exports[`Button tests Test rounded button styles 1`] = `
<button
  class="sc-bdvvtL jpKAiS"
  type="button"
>
  rounded
</button>
`;
